HTTP/1.1 200 OK
Content-Length: 4

pongHTTP/1.1 200 OK
Content-Length: 4

pongHTTP/1.1 200 OK
Content-Length: 4

pongHTTP/1.1 200 OK
Content-Length: 4

pongHTTP/1.1 200 OK
Content-Length: 4

pongHTTP/1.1 200 OK
Content-Length: 4

pongHTTP/1.1 200 OK
Content-Length: 4

pongHTTP/1.1 200 OK
Content-Length: 4

pongHTTP/1.1 200 OK
Content-Length: 4

pongHTTP/1.1 200 OK
Content-Length: 4

pongHTTP/1.1 200 OK
Content-Length: 4

pongHTTP/1.1 200 OK
Content-Length: 4

pongHTTP/1.1 200 OK
Content-Length: 4

pongHTTP/1.1 200 OK
Content-Length: 4

pongHTTP/1.1 200 OK
Content-Length: 4

pongHTTP/1.1 200 OK
Content-Length: 4

pongHTTP/1.1 200 OK
Content-Length: 4

pongHTTP/1.1 200 OK
Content-Length: 4

pongHTTP/1.1 200 OK
Content-Length: 4

pongHTTP/1.1 200 OK
Content-Length: 4

pongHTTP/1.1 200 OK
Content-Length: 4

pongHTTP/1.1 200 OK
Content-Length: 4

pongHTTP/1.1 200 OK
Content-Length: 4

pongHTTP/1.1 200 OK
Content-Length: 4

pongHTTP/1.1 200 OK
Content-Length: 4

pongHTTP/1.1 200 OK
Content-Length: 4

pongHTTP/1.1 200 OK
Content-Length: 4

pongHTTP/1.1 200 OK
Content-Length: 4

pongHTTP/1.1 200 OK
Content-Length: 4

pongHTTP/1.1 200 OK
Content-Length: 4

pongHTTP/1.1 200 OK
Content-Length: 4

pongHTTP/1.1 200 OK
Content-Length: 4

pongHTTP/1.1 200 OK
Content-Length: 4

pongHTTP/1.1 200 OK
Content-Length: 4

pongHTTP/1.1 200 OK
Content-Length: 4

pongHTTP/1.1 200 OK
Content-Length: 4

pongHTTP/1.1 200 OK
Content-Length: 4

pongHTTP/1.1 200 OK
Content-Length: 4

pongHTTP/1.1 200 OK
Content-Length: 4

pongHTTP/1.1 200 OK
Content-Length: 4

pongHTTP/1.1 200 OK
Content-Length: 4

pongHTTP/1.1 200 OK
Content-Length: 4

pongHTTP/1.1 200 OK
Content-Length: 4

pongHTTP/1.1 200 OK
Content-Length: 4

pongHTTP/1.1 200 OK
Content-Length: 4

pongHTTP/1.1 200 OK
Content-Length: 4

pongHTTP/1.1 200 OK
Content-Length: 4

pongHTTP/1.1 200 OK
Content-Length: 4

pongHTTP/1.1 200 OK
Content-Length: 4

pongHTTP/1.1 200 OK
Content-Length: 4

pongHTTP/1.1 200 OK
Content-Length: 4

pongHTTP/1.1 200 OK
Content-Length: 4

pongHTTP/1.1 200 OK
Content-Length: 4

pongHTTP/1.1 200 OK
Content-Length: 4

pongHTTP/1.1 200 OK
Content-Length: 4

pongHTTP/1.1 200 OK
Content-Length: 4

pongHTTP/1.1 200 OK
Content-Length: 4

pongHTTP/1.1 200 OK
Content-Length: 4

pongHTTP/1.1 200 OK
Content-Length: 4

pongHTTP/1.1 200 OK
Content-Length: 4

pongHTTP/1.1 200 OK
Content-Length: 4

pongHTTP/1.1 200 OK
Content-Length: 4

pongHTTP/1.1 200 OK
Content-Length: 4

pongHTTP/1.1 200 OK
Content-Length: 4

pongHTTP/1.1 200 OK
Content-Length: 4

pongHTTP/1.1 200 OK
Content-Length: 4

pongHTTP/1.1 200 OK
Content-Length: 4

pongHTTP/1.1 200 OK
Content-Length: 4

pongHTTP/1.1 200 OK
Content-Length: 4

pongHTTP/1.1 200 OK
Content-Length: 4

pongHTTP/1.1 200 OK
Content-Length: 4

pongHTTP/1.1 200 OK
Content-Length: 4

pongHTTP/1.1 200 OK
Content-Length: 4

pongHTTP/1.1 200 OK
Content-Length: 4

pongHTTP/1.1 200 OK
Content-Length: 4

pongHTTP/1.1 200 OK
Content-Length: 4

pongHTTP/1.1 200 OK
Content-Length: 4

pongHTTP/1.1 200 OK
Content-Length: 4

pongHTTP/1.1 200 OK
Content-Length: 4

pongHTTP/1.1 200 OK
Content-Length: 4

pongHTTP/1.1 200 OK
Content-Length: 4

pongHTTP/1.1 200 OK
Content-Length: 4

pongHTTP/1.1 200 OK
Content-Length: 4

pongHTTP/1.1 200 OK
Content-Length: 4

pongHTTP/1.1 200 OK
Content-Length: 4

pongHTTP/1.1 200 OK
Content-Length: 4

pongHTTP/1.1 200 OK
Content-Length: 4

pongHTTP/1.1 200 OK
Content-Length: 4

pongHTTP/1.1 200 OK
Content-Length: 4

pongHTTP/1.1 200 OK
Content-Length: 4

pongHTTP/1.1 200 OK
Content-Length: 4

pongHTTP/1.1 200 OK
Content-Length: 4

pongHTTP/1.1 200 OK
Content-Length: 4

pongHTTP/1.1 200 OK
Content-Length: 4

pongHTTP/1.1 200 OK
Content-Length: 4

pongHTTP/1.1 200 OK
Content-Length: 4

pongHTTP/1.1 200 OK
Content-Length: 4

pongHTTP/1.1 200 OK
Content-Length: 4

pongHTTP/1.1 200 OK
Content-Length: 4

pongHTTP/1.1 200 OK
Content-Length: 4

pongHTTP/1.1 200 OK
Content-Length: 4

pongHTTP/1.1 200 OK
Content-Length: 4

pongHTTP/1.1 200 OK
Content-Length: 4

pongHTTP/1.1 200 OK
Content-Length: 4

pongHTTP/1.1 200 OK
Content-Length: 4

pongHTTP/1.1 200 OK
Content-Length: 4

pongHTTP/1.1 200 OK
Content-Length: 4

pongHTTP/1.1 200 OK
Content-Length: 4

pongHTTP/1.1 200 OK
Content-Length: 4

pongHTTP/1.1 200 OK
Content-Length: 4

pongHTTP/1.1 200 OK
Content-Length: 4

pongHTTP/1.1 200 OK
Content-Length: 4

pongHTTP/1.1 200 OK
Content-Length: 4

pongHTTP/1.1 200 OK
Content-Length: 4

pongHTTP/1.1 200 OK
Content-Length: 4

pongHTTP/1.1 200 OK
Content-Length: 4

pongHTTP/1.1 200 OK
Content-Length: 4

pongHTTP/1.1 200 OK
Content-Length: 4

pongHTTP/1.1 200 OK
Content-Length: 4

pongHTTP/1.1 200 OK
Content-Length: 4

pongHTTP/1.1 200 OK
Content-Length: 4

pongHTTP/1.1 200 OK
Content-Length: 4

pongHTTP/1.1 200 OK
Content-Length: 4

pongHTTP/1.1 200 OK
Content-Length: 4

pongHTTP/1.1 200 OK
Content-Length: 4

pongHTTP/1.1 200 OK
Content-Length: 4

pongHTTP/1.1 200 OK
Content-Length: 4

pongHTTP/1.1 200 OK
Content-Length: 4

pongHTTP/1.1 200 OK
Content-Length: 4

pongHTTP/1.1 200 OK
Content-Length: 4

pongHTTP/1.1 200 OK
Content-Length: 4

pongHTTP/1.1 200 OK
Content-Length: 4

pongHTTP/1.1 200 OK
Content-Length: 4

pongHTTP/1.1 200 OK
Content-Length: 4

pongHTTP/1.1 200 OK
Content-Length: 4

pongHTTP/1.1 200 OK
Content-Length: 4

pongHTTP/1.1 200 OK
Content-Length: 4

pongHTTP/1.1 200 OK
Content-Length: 4

pongHTTP/1.1 200 OK
Content-Length: 4

pongHTTP/1.1 200 OK
Content-Length: 4

pongHTTP/1.1 200 OK
Content-Length: 4

pongHTTP/1.1 200 OK
Content-Length: 4

pongHTTP/1.1 200 OK
Content-Length: 4

pongHTTP/1.1 200 OK
Content-Length: 4

pongHTTP/1.1 200 OK
Content-Length: 4

pongHTTP/1.1 200 OK
Content-Length: 4

pongHTTP/1.1 200 OK
Content-Length: 4

pongHTTP/1.1 200 OK
Content-Length: 4

pongHTTP/1.1 200 OK
Content-Length: 4

pongHTTP/1.1 200 OK
Content-Length: 4

pongHTTP/1.1 200 OK
Content-Length: 4

pongHTTP/1.1 200 OK
Content-Length: 4

pongHTTP/1.1 200 OK
Content-Length: 4

pongHTTP/1.1 200 OK
Content-Length: 4

pongHTTP/1.1 200 OK
Content-Length: 4

pongHTTP/1.1 200 OK
Content-Length: 4

pongHTTP/1.1 200 OK
Content-Length: 4

pongHTTP/1.1 200 OK
Content-Length: 4

pongHTTP/1.1 200 OK
Content-Length: 4

pongHTTP/1.1 200 OK
Content-Length: 4

pongHTTP/1.1 200 OK
Content-Length: 4

pongHTTP/1.1 200 OK
Content-Length: 4

pongHTTP/1.1 200 OK
Content-Length: 4

pongHTTP/1.1 200 OK
Content-Length: 4

pongHTTP/1.1 200 OK
Content-Length: 4

pongHTTP/1.1 200 OK
Content-Length: 4

pongHTTP/1.1 200 OK
Content-Length: 4

pongHTTP/1.1 200 OK
Content-Length: 4

pongHTTP/1.1 200 OK
Content-Length: 4

pongHTTP/1.1 200 OK
Content-Length: 4

pongHTTP/1.1 200 OK
Content-Length: 4

pongHTTP/1.1 200 OK
Content-Length: 4

pongHTTP/1.1 200 OK
Content-Length: 4

pongHTTP/1.1 200 OK
Content-Length: 4

pongHTTP/1.1 200 OK
Content-Length: 4

pongHTTP/1.1 200 OK
Content-Length: 4

pongHTTP/1.1 200 OK
Content-Length: 4

pongHTTP/1.1 200 OK
Content-Length: 4

pongHTTP/1.1 200 OK
Content-Length: 4

pongHTTP/1.1 200 OK
Content-Length: 4

pongHTTP/1.1 200 OK
Content-Length: 4

pongHTTP/1.1 200 OK
Content-Length: 4

pongHTTP/1.1 200 OK
Content-Length: 4

pongHTTP/1.1 200 OK
Content-Length: 4

pongHTTP/1.1 200 OK
Content-Length: 4

pongHTTP/1.1 200 OK
Content-Length: 4

pongHTTP/1.1 200 OK
Content-Length: 4

pongHTTP/1.1 200 OK
Content-Length: 4

pongHTTP/1.1 200 OK
Content-Length: 4

pongHTTP/1.1 200 OK
Content-Length: 4

pongHTTP/1.1 200 OK
Content-Length: 4

pongHTTP/1.1 200 OK
Content-Length: 4

pongHTTP/1.1 200 OK
Content-Length: 4

pongHTTP/1.1 200 OK
Content-Length: 4

pongHTTP/1.1 200 OK
Content-Length: 4

pongHTTP/1.1 200 OK
Content-Length: 4

pongHTTP/1.1 200 OK
Content-Length: 4

pongHTTP/1.1 200 OK
Content-Length: 4

pongHTTP/1.1 200 OK
Content-Length: 4

pongHTTP/1.1 200 OK
Content-Length: 4

pongHTTP/1.1 200 OK
Content-Length: 4

pong